// Vitest Snapshot v1, https://vitest.dev/guide/snapshot.html

exports[`records the actual optimized procedural geometry budget 1`] = `
{
  "bed": 23524,
  "bookshelf": 8012,
  "cabinet": 7112,
  "coffee_table": 1152,
  "desk": 4200,
  "dining_chair": 2440,
  "dining_table": 2100,
  "lighting": 1432,
  "nightstand": 3812,
  "office_chair": 4208,
  "plant": 2072,
  "rug": 2124,
  "storage": 3600,
  "tv": 1328,
  "wardrobe": 5612,
}
`;
