// Vitest Snapshot v1, https://vitest.dev/guide/snapshot.html

exports[`records the actual optimized procedural geometry budget 1`] = `
{
  "air_purifier": 3984,
  "aquarium": 2012,
  "artwork": 1628,
  "bed": 23524,
  "bookshelf": 8012,
  "cabinet": 7112,
  "ceiling_beam": 300,
  "clock": 2348,
  "coffee_table": 1152,
  "column": 900,
  "computer": 2700,
  "curtain": 3128,
  "desk": 4200,
  "dining_chair": 2440,
  "dining_table": 2100,
  "lighting": 1432,
  "mirror": 1500,
  "monitor": 1200,
  "nightstand": 3812,
  "office_chair": 4208,
  "plant": 2072,
  "refrigerator": 2100,
  "room_divider": 2400,
  "rug": 2124,
  "shoe_rack": 3300,
  "sink": 1520,
  "speaker": 1668,
  "storage": 3600,
  "stove": 1624,
  "tv": 1328,
  "wardrobe": 5612,
  "waste_bin": 556,
}
`;
